// Jest Snapshot v1, https://goo.gl/fbAQLP

exports[`ping works 1`] = `"pong"`;
